// Jest Snapshot v1, https://goo.gl/fbAQLP

exports[`Link changes the class when hovered 1`] = `
<div
  className="CROWNSwitch "
>
  <input
    className="checkbox colorSwitch"
    id={1234}
    onChange={[Function]}
    type="checkbox"
  />
  <label
    className="switch colorSwitch"
    htmlFor={1234}
  />
</div>
`;
