// Jest Snapshot v1, https://goo.gl/fbAQLP

exports[`Link changes the class when hovered 1`] = `
<table
  className="CROWNTable "
>
  <thead>
    <tr
      className="Header"
    >
      <th>
        NOMBRE
      </th>
      <th>
        APELLIDO
      </th>
      <th>
        CARRERA
      </th>
      <th>
        PROMEDIO
      </th>
    </tr>
  </thead>
  <tbody>
    <tr
      className="Body"
    >
      <td>
        Fernando
      </td>
      <td>
        Garcia
      </td>
      <td>
        Sistemas
      </td>
      <td>
        100
      </td>
    </tr>
    <tr
      className="Body"
    >
      <td>
        Fernando
      </td>
      <td>
        Garcia
      </td>
      <td>
        Sistemas
      </td>
      <td>
        100
      </td>
    </tr>
    <tr
      className="Body"
    >
      <td>
        Fernando
      </td>
      <td>
        Garcia
      </td>
      <td>
        Sistemas
      </td>
      <td>
        100
      </td>
    </tr>
    <tr
      className="Body"
    >
      <td>
        Fernando
      </td>
      <td>
        Garcia
      </td>
      <td>
        Sistemas
      </td>
      <td>
        100
      </td>
    </tr>
    <tr
      className="Body"
    >
      <td>
        Fernando
      </td>
      <td>
        Garcia
      </td>
      <td>
        Sistemas
      </td>
      <td>
        100
      </td>
    </tr>
    <tr
      className="Body"
    >
      <td>
        Fernando
      </td>
      <td>
        Garcia
      </td>
      <td>
        Sistemas
      </td>
      <td>
        100
      </td>
    </tr>
    <tr
      className="Body"
    >
      <td>
        Fernando
      </td>
      <td>
        Garcia
      </td>
      <td>
        Sistemas
      </td>
      <td>
        100
      </td>
    </tr>
    <tr
      className="Body"
    >
      <td>
        Fernando
      </td>
      <td>
        Garcia
      </td>
      <td>
        Sistemas
      </td>
      <td>
        100
      </td>
    </tr>
    <tr
      className="Body"
    >
      <td>
        Fernando
      </td>
      <td>
        Garcia
      </td>
      <td>
        Sistemas
      </td>
      <td>
        100
      </td>
    </tr>
    <tr
      className="Body"
    >
      <td>
        Fernando
      </td>
      <td>
        Garcia
      </td>
      <td>
        Sistemas
      </td>
      <td>
        100
      </td>
    </tr>
    <tr
      className="Body"
    >
      <td>
        Fernando
      </td>
      <td>
        Garcia
      </td>
      <td>
        Sistemas
      </td>
      <td>
        100
      </td>
    </tr>
    <tr
      className="Body"
    >
      <td>
        Fernando
      </td>
      <td>
        Garcia
      </td>
      <td>
        Sistemas
      </td>
      <td>
        100
      </td>
    </tr>
    <tr
      className="Body"
    >
      <td>
        Fernando
      </td>
      <td>
        Garcia
      </td>
      <td>
        Sistemas
      </td>
      <td>
        100
      </td>
    </tr>
    <tr
      className="Body"
    >
      <td>
        Fernando
      </td>
      <td>
        Garcia
      </td>
      <td>
        Sistemas
      </td>
      <td>
        100
      </td>
    </tr>
    <tr
      className="Body"
    >
      <td>
        Fernando
      </td>
      <td>
        Garcia
      </td>
      <td>
        Sistemas
      </td>
      <td>
        100
      </td>
    </tr>
    <tr
      className="Body"
    >
      <td>
        Fernando
      </td>
      <td>
        Garcia
      </td>
      <td>
        Sistemas
      </td>
      <td>
        100
      </td>
    </tr>
    <tr
      className="Body"
    >
      <td>
        Fernando
      </td>
      <td>
        Garcia
      </td>
      <td>
        Sistemas
      </td>
      <td>
        100
      </td>
    </tr>
    <tr
      className="Body"
    >
      <td>
        Fernando
      </td>
      <td>
        Garcia
      </td>
      <td>
        Sistemas
      </td>
      <td>
        100
      </td>
    </tr>
    <tr
      className="Body"
    >
      <td>
        Fernando
      </td>
      <td>
        Garcia
      </td>
      <td>
        Sistemas
      </td>
      <td>
        100
      </td>
    </tr>
    <tr
      className="Body"
    >
      <td>
        Fernando
      </td>
      <td>
        Garcia
      </td>
      <td>
        Sistemas
      </td>
      <td>
        100
      </td>
    </tr>
    <tr
      className="Body"
    >
      <td>
        Fernando
      </td>
      <td>
        Garcia
      </td>
      <td>
        Sistemas
      </td>
      <td>
        100
      </td>
    </tr>
    <tr
      className="Body"
    >
      <td>
        Fernando
      </td>
      <td>
        Garcia
      </td>
      <td>
        Sistemas
      </td>
      <td>
        100
      </td>
    </tr>
    <tr
      className="Body"
    >
      <td>
        Fernando
      </td>
      <td>
        Garcia
      </td>
      <td>
        Sistemas
      </td>
      <td>
        100
      </td>
    </tr>
    <tr
      className="Body"
    >
      <td>
        Fernando
      </td>
      <td>
        Garcia
      </td>
      <td>
        Sistemas
      </td>
      <td>
        100
      </td>
    </tr>
    <tr
      className="Body"
    >
      <td>
        Fernando
      </td>
      <td>
        Garcia
      </td>
      <td>
        Sistemas
      </td>
      <td>
        100
      </td>
    </tr>
    <tr
      className="Body"
    >
      <td>
        Fernando
      </td>
      <td>
        Garcia
      </td>
      <td>
        Sistemas
      </td>
      <td>
        100
      </td>
    </tr>
    <tr
      className="Body"
    >
      <td>
        Fernando
      </td>
      <td>
        Garcia
      </td>
      <td>
        Sistemas
      </td>
      <td>
        100
      </td>
    </tr>
    <tr
      className="Body"
    >
      <td>
        Fernando
      </td>
      <td>
        Garcia
      </td>
      <td>
        Sistemas
      </td>
      <td>
        100
      </td>
    </tr>
  </tbody>
</table>
`;
